raven.pdf: --A-- Version 1 -- Object 0 (Stream)
raven.pdf: --A-- Version 1 -- Object 1 (Stream)
raven.pdf: --A-- Version 1 -- Object 2 (Stream)
raven.pdf: --A-- Version 1 -- Object 3 (Stream)
raven.pdf: --A-- Version 1 -- Object 4 (Stream)
raven.pdf: --A-- Version 1 -- Object 5 (Stream)
raven.pdf: --A-- Version 1 -- Object 6 (Stream)
raven.pdf: --A-- Version 1 -- Object 7 (Stream)
raven.pdf: --A-- Version 1 -- Object 8 (Stream)
raven.pdf: --A-- Version 1 -- Object 9 (Stream)
raven.pdf: --A-- Version 1 -- Object 10 (Stream)
raven.pdf: --A-- Version 1 -- Object 11 (Stream)
raven.pdf: --A-- Version 1 -- Object 12 (Stream)
raven.pdf: --A-- Version 1 -- Object 13 (Stream)
raven.pdf: --A-- Version 1 -- Object 14 (Stream)
raven.pdf: --A-- Version 1 -- Object 15 (Stream)
raven.pdf: --A-- Version 1 -- Object 16 (Stream)
raven.pdf: --A-- Version 1 -- Object 17 (Stream)
raven.pdf: --A-- Version 1 -- Object 18 (Stream)
raven.pdf: --A-- Version 1 -- Object 19 (Stream)
raven.pdf: --A-- Version 1 -- Object 20 (Stream)
raven.pdf: --A-- Version 1 -- Object 21 (Stream)
raven.pdf: --A-- Version 1 -- Object 22 (Stream)
raven.pdf: --A-- Version 1 -- Object 23 (Stream)
raven.pdf: --A-- Version 1 -- Object 24 (Stream)
raven.pdf: --A-- Version 1 -- Object 25 (Stream)
raven.pdf: --A-- Version 1 -- Object 26 (Stream)
raven.pdf: --A-- Version 1 -- Object 27 (Stream)
raven.pdf: --A-- Version 1 -- Object 28 (Stream)
raven.pdf: --A-- Version 1 -- Object 29 (Stream)
raven.pdf: --A-- Version 1 -- Object 30 (Stream)
raven.pdf: --A-- Version 1 -- Object 31 (Stream)
raven.pdf: --A-- Version 1 -- Object 32 (Stream)
raven.pdf: --A-- Version 1 -- Object 33 (Stream)
raven.pdf: --A-- Version 1 -- Object 34 (Stream)
raven.pdf: --A-- Version 1 -- Object 35 (Stream)
raven.pdf: --A-- Version 1 -- Object 36 (Stream)
raven.pdf: --A-- Version 1 -- Object 37 (Stream)
raven.pdf: --A-- Version 1 -- Object 38 (Stream)
raven.pdf: --A-- Version 1 -- Object 39 (Stream)
raven.pdf: --A-- Version 1 -- Object 40 (Stream)
raven.pdf: --A-- Version 1 -- Object 41 (Stream)
raven.pdf: --A-- Version 1 -- Object 42 (Stream)
raven.pdf: --A-- Version 1 -- Object 43 (Stream)
raven.pdf: --A-- Version 1 -- Object 44 (Stream)
raven.pdf: --A-- Version 1 -- Object 45 (Stream)
raven.pdf: --A-- Version 1 -- Object 46 (Stream)
raven.pdf: --A-- Version 1 -- Object 47 (Stream)
raven.pdf: --A-- Version 1 -- Object 48 (Stream)
raven.pdf: --A-- Version 1 -- Object 49 (Stream)
raven.pdf: --A-- Version 1 -- Object 50 (Stream)
raven.pdf: --A-- Version 1 -- Object 51 (Stream)
raven.pdf: --A-- Version 1 -- Object 52 (Stream)
raven.pdf: --A-- Version 1 -- Object 53 (Stream)
raven.pdf: --A-- Version 1 -- Object 54 (Stream)
raven.pdf: --A-- Version 1 -- Object 55 (Stream)
raven.pdf: --A-- Version 1 -- Object 56 (Stream)
raven.pdf: --A-- Version 1 -- Object 57 (Stream)
raven.pdf: --A-- Version 1 -- Object 58 (Stream)
raven.pdf: --A-- Version 1 -- Object 59 (Stream)
raven.pdf: --A-- Version 1 -- Object 60 (Stream)
raven.pdf: --A-- Version 1 -- Object 61 (Stream)
raven.pdf: --A-- Version 1 -- Object 62 (Stream)
raven.pdf: --A-- Version 1 -- Object 63 (Stream)
raven.pdf: --A-- Version 1 -- Object 64 (Stream)
raven.pdf: --A-- Version 1 -- Object 65 (Stream)
raven.pdf: --A-- Version 1 -- Object 66 (Font)
raven.pdf: --A-- Version 1 -- Object 67 (Catalog)
raven.pdf: --A-- Version 1 -- Object 68 (Pages)
raven.pdf: --A-- Version 1 -- Object 69 (Page)
raven.pdf: --A-- Version 1 -- Object 70 (Unknown)
raven.pdf: --D-- Version 2 -- Object 0 (Stream)
raven.pdf: --M-- Version 2 -- Object 69 (Page)
raven.pdf: --D-- Version 3 -- Object 0 (Stream)
raven.pdf: --M-- Version 3 -- Object 69 (Page)
raven.pdf: --D-- Version 4 -- Object 0 (Stream)
raven.pdf: --M-- Version 4 -- Object 69 (Page)
raven.pdf: --D-- Version 5 -- Object 0 (Stream)
raven.pdf: --M-- Version 5 -- Object 69 (Page)
raven.pdf: --D-- Version 6 -- Object 0 (Stream)
raven.pdf: --M-- Version 6 -- Object 69 (Page)
raven.pdf: --D-- Version 7 -- Object 0 (Stream)
raven.pdf: --M-- Version 7 -- Object 69 (Page)
raven.pdf: --D-- Version 8 -- Object 0 (Stream)
raven.pdf: --M-- Version 8 -- Object 69 (Page)
raven.pdf: --D-- Version 9 -- Object 0 (Stream)
raven.pdf: --M-- Version 9 -- Object 69 (Page)
raven.pdf: --D-- Version 10 -- Object 0 (Stream)
raven.pdf: --M-- Version 10 -- Object 69 (Page)
raven.pdf: --D-- Version 11 -- Object 0 (Stream)
raven.pdf: --M-- Version 11 -- Object 69 (Page)
raven.pdf: --D-- Version 12 -- Object 0 (Stream)
raven.pdf: --M-- Version 12 -- Object 69 (Page)
raven.pdf: --D-- Version 13 -- Object 0 (Stream)
raven.pdf: --M-- Version 13 -- Object 69 (Page)
raven.pdf: --D-- Version 14 -- Object 0 (Stream)
raven.pdf: --M-- Version 14 -- Object 69 (Page)
raven.pdf: --D-- Version 15 -- Object 0 (Stream)
raven.pdf: --M-- Version 15 -- Object 69 (Page)
raven.pdf: --D-- Version 16 -- Object 0 (Stream)
raven.pdf: --M-- Version 16 -- Object 69 (Page)
raven.pdf: --D-- Version 17 -- Object 0 (Stream)
raven.pdf: --M-- Version 17 -- Object 69 (Page)
raven.pdf: --D-- Version 18 -- Object 0 (Stream)
raven.pdf: --M-- Version 18 -- Object 69 (Page)
raven.pdf: --D-- Version 19 -- Object 0 (Stream)
raven.pdf: --M-- Version 19 -- Object 69 (Page)
raven.pdf: --D-- Version 20 -- Object 0 (Stream)
raven.pdf: --M-- Version 20 -- Object 69 (Page)
raven.pdf: --D-- Version 21 -- Object 0 (Stream)
raven.pdf: --M-- Version 21 -- Object 69 (Page)
raven.pdf: --D-- Version 22 -- Object 0 (Stream)
raven.pdf: --M-- Version 22 -- Object 69 (Page)
raven.pdf: --D-- Version 23 -- Object 0 (Stream)
raven.pdf: --M-- Version 23 -- Object 69 (Page)
---------- raven.pdf ----------
Versions: 23
Version 1 -- 71 objects
Version 2 -- 2 objects
Version 3 -- 2 objects
Version 4 -- 2 objects
Version 5 -- 2 objects
Version 6 -- 2 objects
Version 7 -- 2 objects
Version 8 -- 2 objects
Version 9 -- 2 objects
Version 10 -- 2 objects
Version 11 -- 2 objects
Version 12 -- 2 objects
Version 13 -- 2 objects
Version 14 -- 2 objects
Version 15 -- 2 objects
Version 16 -- 2 objects
Version 17 -- 2 objects
Version 18 -- 2 objects
Version 19 -- 2 objects
Version 20 -- 2 objects
Version 21 -- 2 objects
Version 22 -- 2 objects
Version 23 -- 2 objects
